{"op_code": 0, "worker_id": "5ee9e434-dcc5-4b53-8f92-903150cfe4a6-139747284276032", "study_name": "engressnet_hpo_coastal_v2", "directions": [1]}
{"op_code":0,"worker_id":"d13640f2-0d8b-4828-a480-0b73e6af18ea-22814410178624","study_name":"engressnet_hpo_coastal_v2","directions":[1]}
{"op_code":4,"worker_id":"d13640f2-0d8b-4828-a480-0b73e6af18ea-22814410178624","study_id":0,"datetime_start":"2026-07-21T11:49:38.110001"}
{"op_code":5,"worker_id":"d13640f2-0d8b-4828-a480-0b73e6af18ea-22814410178624","trial_id":0,"param_name":"lr","param_value_internal":0.00023533156661551276,"distribution":"{\"name\": \"FloatDistribution\", \"attributes\": {\"step\": null, \"low\": 1e-05, \"high\": 0.001, \"log\": true}}"}
{"op_code":5,"worker_id":"d13640f2-0d8b-4828-a480-0b73e6af18ea-22814410178624","trial_id":0,"param_name":"k","param_value_internal":1,"distribution":"{\"name\": \"CategoricalDistribution\", \"attributes\": {\"choices\": [3, 6, 9]}}"}
{"op_code":5,"worker_id":"d13640f2-0d8b-4828-a480-0b73e6af18ea-22814410178624","trial_id":0,"param_name":"batch_size","param_value_internal":1,"distribution":"{\"name\": \"CategoricalDistribution\", \"attributes\": {\"choices\": [16, 32, 64]}}"}
{"op_code":5,"worker_id":"d13640f2-0d8b-4828-a480-0b73e6af18ea-22814410178624","trial_id":0,"param_name":"latent_channels","param_value_internal":1,"distribution":"{\"name\": \"CategoricalDistribution\", \"attributes\": {\"choices\": [4, 8, 16]}}"}
{"op_code":0,"worker_id":"baa4ab1e-fc86-4b4f-ad23-78e358fa2d32-23449685020736","study_name":"engressnet_hpo_coastal_v2","directions":[1]}
{"op_code":0,"worker_id":"cff88f3c-9a15-4192-9f30-32ca137af05e-22546940878912","study_name":"engressnet_hpo_coastal_v2","directions":[1]}
{"op_code":4,"worker_id":"baa4ab1e-fc86-4b4f-ad23-78e358fa2d32-23449685020736","study_id":0,"datetime_start":"2026-07-21T11:49:58.991491"}
{"op_code":4,"worker_id":"cff88f3c-9a15-4192-9f30-32ca137af05e-22546940878912","study_id":0,"datetime_start":"2026-07-21T11:49:58.996085"}
{"op_code":5,"worker_id":"baa4ab1e-fc86-4b4f-ad23-78e358fa2d32-23449685020736","trial_id":1,"param_name":"lr","param_value_internal":0.0005820280383062473,"distribution":"{\"name\": \"FloatDistribution\", \"attributes\": {\"step\": null, \"low\": 1e-05, \"high\": 0.001, \"log\": true}}"}
{"op_code":5,"worker_id":"cff88f3c-9a15-4192-9f30-32ca137af05e-22546940878912","trial_id":2,"param_name":"lr","param_value_internal":0.0005719710862864827,"distribution":"{\"name\": \"FloatDistribution\", \"attributes\": {\"step\": null, \"low\": 1e-05, \"high\": 0.001, \"log\": true}}"}
{"op_code":5,"worker_id":"cff88f3c-9a15-4192-9f30-32ca137af05e-22546940878912","trial_id":2,"param_name":"k","param_value_internal":1,"distribution":"{\"name\": \"CategoricalDistribution\", \"attributes\": {\"choices\": [3, 6, 9]}}"}
{"op_code":5,"worker_id":"cff88f3c-9a15-4192-9f30-32ca137af05e-22546940878912","trial_id":2,"param_name":"batch_size","param_value_internal":2,"distribution":"{\"name\": \"CategoricalDistribution\", \"attributes\": {\"choices\": [16, 32, 64]}}"}
{"op_code":5,"worker_id":"cff88f3c-9a15-4192-9f30-32ca137af05e-22546940878912","trial_id":2,"param_name":"latent_channels","param_value_internal":0,"distribution":"{\"name\": \"CategoricalDistribution\", \"attributes\": {\"choices\": [4, 8, 16]}}"}
{"op_code":5,"worker_id":"baa4ab1e-fc86-4b4f-ad23-78e358fa2d32-23449685020736","trial_id":1,"param_name":"k","param_value_internal":0,"distribution":"{\"name\": \"CategoricalDistribution\", \"attributes\": {\"choices\": [3, 6, 9]}}"}
{"op_code":5,"worker_id":"baa4ab1e-fc86-4b4f-ad23-78e358fa2d32-23449685020736","trial_id":1,"param_name":"batch_size","param_value_internal":1,"distribution":"{\"name\": \"CategoricalDistribution\", \"attributes\": {\"choices\": [16, 32, 64]}}"}
{"op_code":5,"worker_id":"baa4ab1e-fc86-4b4f-ad23-78e358fa2d32-23449685020736","trial_id":1,"param_name":"latent_channels","param_value_internal":2,"distribution":"{\"name\": \"CategoricalDistribution\", \"attributes\": {\"choices\": [4, 8, 16]}}"}
{"op_code":8,"worker_id":"d13640f2-0d8b-4828-a480-0b73e6af18ea-22814410178624","trial_id":0,"user_attr":{"metrics_csv":"/glade/work/skygale/_projects/SeaIceDownscaling/Version4/hpo_echo/trial_0/metrics.csv"}}
{"op_code":6,"worker_id":"d13640f2-0d8b-4828-a480-0b73e6af18ea-22814410178624","trial_id":0,"state":1,"values":[0.1691],"datetime_complete":"2026-07-21T11:50:24.490307"}
{"op_code":4,"worker_id":"d13640f2-0d8b-4828-a480-0b73e6af18ea-22814410178624","study_id":0,"datetime_start":"2026-07-21T11:50:24.600789"}
{"op_code":5,"worker_id":"d13640f2-0d8b-4828-a480-0b73e6af18ea-22814410178624","trial_id":3,"param_name":"lr","param_value_internal":0.00010382404634365504,"distribution":"{\"name\": \"FloatDistribution\", \"attributes\": {\"step\": null, \"low\": 1e-05, \"high\": 0.001, \"log\": true}}"}
{"op_code":5,"worker_id":"d13640f2-0d8b-4828-a480-0b73e6af18ea-22814410178624","trial_id":3,"param_name":"k","param_value_internal":0,"distribution":"{\"name\": \"CategoricalDistribution\", \"attributes\": {\"choices\": [3, 6, 9]}}"}
{"op_code":5,"worker_id":"d13640f2-0d8b-4828-a480-0b73e6af18ea-22814410178624","trial_id":3,"param_name":"batch_size","param_value_internal":1,"distribution":"{\"name\": \"CategoricalDistribution\", \"attributes\": {\"choices\": [16, 32, 64]}}"}
{"op_code":5,"worker_id":"d13640f2-0d8b-4828-a480-0b73e6af18ea-22814410178624","trial_id":3,"param_name":"latent_channels","param_value_internal":1,"distribution":"{\"name\": \"CategoricalDistribution\", \"attributes\": {\"choices\": [4, 8, 16]}}"}
{"op_code":8,"worker_id":"cff88f3c-9a15-4192-9f30-32ca137af05e-22546940878912","trial_id":2,"user_attr":{"metrics_csv":"/glade/work/skygale/_projects/SeaIceDownscaling/Version4/hpo_echo/trial_2/metrics.csv"}}
{"op_code":8,"worker_id":"baa4ab1e-fc86-4b4f-ad23-78e358fa2d32-23449685020736","trial_id":1,"user_attr":{"metrics_csv":"/glade/work/skygale/_projects/SeaIceDownscaling/Version4/hpo_echo/trial_1/metrics.csv"}}
{"op_code":6,"worker_id":"baa4ab1e-fc86-4b4f-ad23-78e358fa2d32-23449685020736","trial_id":1,"state":1,"values":[0.1532],"datetime_complete":"2026-07-21T11:50:36.317105"}
{"op_code":6,"worker_id":"cff88f3c-9a15-4192-9f30-32ca137af05e-22546940878912","trial_id":2,"state":1,"values":[0.1727],"datetime_complete":"2026-07-21T11:50:36.318974"}
{"op_code":8,"worker_id":"d13640f2-0d8b-4828-a480-0b73e6af18ea-22814410178624","trial_id":3,"user_attr":{"metrics_csv":"/glade/work/skygale/_projects/SeaIceDownscaling/Version4/hpo_echo/trial_3/metrics.csv"}}
{"op_code":4,"worker_id":"baa4ab1e-fc86-4b4f-ad23-78e358fa2d32-23449685020736","study_id":0,"datetime_start":"2026-07-21T11:50:36.371563"}
{"op_code":4,"worker_id":"cff88f3c-9a15-4192-9f30-32ca137af05e-22546940878912","study_id":0,"datetime_start":"2026-07-21T11:50:36.375601"}
{"op_code":5,"worker_id":"baa4ab1e-fc86-4b4f-ad23-78e358fa2d32-23449685020736","trial_id":4,"param_name":"lr","param_value_internal":2.6056812761449654e-05,"distribution":"{\"name\": \"FloatDistribution\", \"attributes\": {\"step\": null, \"low\": 1e-05, \"high\": 0.001, \"log\": true}}"}
{"op_code":5,"worker_id":"cff88f3c-9a15-4192-9f30-32ca137af05e-22546940878912","trial_id":5,"param_name":"lr","param_value_internal":0.0001612270284603935,"distribution":"{\"name\": \"FloatDistribution\", \"attributes\": {\"step\": null, \"low\": 1e-05, \"high\": 0.001, \"log\": true}}"}
{"op_code":5,"worker_id":"baa4ab1e-fc86-4b4f-ad23-78e358fa2d32-23449685020736","trial_id":4,"param_name":"k","param_value_internal":2,"distribution":"{\"name\": \"CategoricalDistribution\", \"attributes\": {\"choices\": [3, 6, 9]}}"}
{"op_code":5,"worker_id":"baa4ab1e-fc86-4b4f-ad23-78e358fa2d32-23449685020736","trial_id":4,"param_name":"batch_size","param_value_internal":1,"distribution":"{\"name\": \"CategoricalDistribution\", \"attributes\": {\"choices\": [16, 32, 64]}}"}
{"op_code":5,"worker_id":"baa4ab1e-fc86-4b4f-ad23-78e358fa2d32-23449685020736","trial_id":4,"param_name":"latent_channels","param_value_internal":1,"distribution":"{\"name\": \"CategoricalDistribution\", \"attributes\": {\"choices\": [4, 8, 16]}}"}
{"op_code":5,"worker_id":"cff88f3c-9a15-4192-9f30-32ca137af05e-22546940878912","trial_id":5,"param_name":"k","param_value_internal":2,"distribution":"{\"name\": \"CategoricalDistribution\", \"attributes\": {\"choices\": [3, 6, 9]}}"}
{"op_code":5,"worker_id":"cff88f3c-9a15-4192-9f30-32ca137af05e-22546940878912","trial_id":5,"param_name":"batch_size","param_value_internal":1,"distribution":"{\"name\": \"CategoricalDistribution\", \"attributes\": {\"choices\": [16, 32, 64]}}"}
{"op_code":5,"worker_id":"cff88f3c-9a15-4192-9f30-32ca137af05e-22546940878912","trial_id":5,"param_name":"latent_channels","param_value_internal":0,"distribution":"{\"name\": \"CategoricalDistribution\", \"attributes\": {\"choices\": [4, 8, 16]}}"}
{"op_code":6,"worker_id":"d13640f2-0d8b-4828-a480-0b73e6af18ea-22814410178624","trial_id":3,"state":1,"values":[0.2034],"datetime_complete":"2026-07-21T11:50:36.517657"}
{"op_code":4,"worker_id":"d13640f2-0d8b-4828-a480-0b73e6af18ea-22814410178624","study_id":0,"datetime_start":"2026-07-21T11:50:36.551804"}
{"op_code":5,"worker_id":"d13640f2-0d8b-4828-a480-0b73e6af18ea-22814410178624","trial_id":6,"param_name":"lr","param_value_internal":0.0007730899230866228,"distribution":"{\"name\": \"FloatDistribution\", \"attributes\": {\"step\": null, \"low\": 1e-05, \"high\": 0.001, \"log\": true}}"}
{"op_code":5,"worker_id":"d13640f2-0d8b-4828-a480-0b73e6af18ea-22814410178624","trial_id":6,"param_name":"k","param_value_internal":2,"distribution":"{\"name\": \"CategoricalDistribution\", \"attributes\": {\"choices\": [3, 6, 9]}}"}
{"op_code":5,"worker_id":"d13640f2-0d8b-4828-a480-0b73e6af18ea-22814410178624","trial_id":6,"param_name":"batch_size","param_value_internal":2,"distribution":"{\"name\": \"CategoricalDistribution\", \"attributes\": {\"choices\": [16, 32, 64]}}"}
{"op_code":5,"worker_id":"d13640f2-0d8b-4828-a480-0b73e6af18ea-22814410178624","trial_id":6,"param_name":"latent_channels","param_value_internal":2,"distribution":"{\"name\": \"CategoricalDistribution\", \"attributes\": {\"choices\": [4, 8, 16]}}"}
{"op_code":8,"worker_id":"cff88f3c-9a15-4192-9f30-32ca137af05e-22546940878912","trial_id":5,"user_attr":{"metrics_csv":"/glade/work/skygale/_projects/SeaIceDownscaling/Version4/hpo_echo/trial_5/metrics.csv"}}
{"op_code":8,"worker_id":"baa4ab1e-fc86-4b4f-ad23-78e358fa2d32-23449685020736","trial_id":4,"user_attr":{"metrics_csv":"/glade/work/skygale/_projects/SeaIceDownscaling/Version4/hpo_echo/trial_4/metrics.csv"}}
{"op_code":6,"worker_id":"cff88f3c-9a15-4192-9f30-32ca137af05e-22546940878912","trial_id":5,"state":1,"values":[0.1881],"datetime_complete":"2026-07-21T11:50:45.774028"}
{"op_code":6,"worker_id":"baa4ab1e-fc86-4b4f-ad23-78e358fa2d32-23449685020736","trial_id":4,"state":1,"values":[0.2526],"datetime_complete":"2026-07-21T11:50:45.774404"}
{"op_code":4,"worker_id":"cff88f3c-9a15-4192-9f30-32ca137af05e-22546940878912","study_id":0,"datetime_start":"2026-07-21T11:50:45.785325"}
{"op_code":4,"worker_id":"baa4ab1e-fc86-4b4f-ad23-78e358fa2d32-23449685020736","study_id":0,"datetime_start":"2026-07-21T11:50:45.787223"}
{"op_code":5,"worker_id":"baa4ab1e-fc86-4b4f-ad23-78e358fa2d32-23449685020736","trial_id":8,"param_name":"lr","param_value_internal":0.0005001693987754909,"distribution":"{\"name\": \"FloatDistribution\", \"attributes\": {\"step\": null, \"low\": 1e-05, \"high\": 0.001, \"log\": true}}"}
{"op_code":5,"worker_id":"baa4ab1e-fc86-4b4f-ad23-78e358fa2d32-23449685020736","trial_id":8,"param_name":"k","param_value_internal":1,"distribution":"{\"name\": \"CategoricalDistribution\", \"attributes\": {\"choices\": [3, 6, 9]}}"}
{"op_code":5,"worker_id":"baa4ab1e-fc86-4b4f-ad23-78e358fa2d32-23449685020736","trial_id":8,"param_name":"batch_size","param_value_internal":1,"distribution":"{\"name\": \"CategoricalDistribution\", \"attributes\": {\"choices\": [16, 32, 64]}}"}
{"op_code":5,"worker_id":"baa4ab1e-fc86-4b4f-ad23-78e358fa2d32-23449685020736","trial_id":8,"param_name":"latent_channels","param_value_internal":2,"distribution":"{\"name\": \"CategoricalDistribution\", \"attributes\": {\"choices\": [4, 8, 16]}}"}
{"op_code":5,"worker_id":"cff88f3c-9a15-4192-9f30-32ca137af05e-22546940878912","trial_id":7,"param_name":"lr","param_value_internal":0.0002752646550483671,"distribution":"{\"name\": \"FloatDistribution\", \"attributes\": {\"step\": null, \"low\": 1e-05, \"high\": 0.001, \"log\": true}}"}
{"op_code":5,"worker_id":"cff88f3c-9a15-4192-9f30-32ca137af05e-22546940878912","trial_id":7,"param_name":"k","param_value_internal":1,"distribution":"{\"name\": \"CategoricalDistribution\", \"attributes\": {\"choices\": [3, 6, 9]}}"}
{"op_code":5,"worker_id":"cff88f3c-9a15-4192-9f30-32ca137af05e-22546940878912","trial_id":7,"param_name":"batch_size","param_value_internal":2,"distribution":"{\"name\": \"CategoricalDistribution\", \"attributes\": {\"choices\": [16, 32, 64]}}"}
{"op_code":5,"worker_id":"cff88f3c-9a15-4192-9f30-32ca137af05e-22546940878912","trial_id":7,"param_name":"latent_channels","param_value_internal":1,"distribution":"{\"name\": \"CategoricalDistribution\", \"attributes\": {\"choices\": [4, 8, 16]}}"}
{"op_code":8,"worker_id":"cff88f3c-9a15-4192-9f30-32ca137af05e-22546940878912","trial_id":7,"user_attr":{"metrics_csv":"/glade/work/skygale/_projects/SeaIceDownscaling/Version4/hpo_echo/trial_7/metrics.csv"}}
{"op_code":6,"worker_id":"cff88f3c-9a15-4192-9f30-32ca137af05e-22546940878912","trial_id":7,"state":1,"values":[0.1688],"datetime_complete":"2026-07-21T11:50:52.762673"}
{"op_code":4,"worker_id":"cff88f3c-9a15-4192-9f30-32ca137af05e-22546940878912","study_id":0,"datetime_start":"2026-07-21T11:50:52.770595"}
{"op_code":5,"worker_id":"cff88f3c-9a15-4192-9f30-32ca137af05e-22546940878912","trial_id":9,"param_name":"lr","param_value_internal":0.0006066917790059542,"distribution":"{\"name\": \"FloatDistribution\", \"attributes\": {\"step\": null, \"low\": 1e-05, \"high\": 0.001, \"log\": true}}"}
{"op_code":5,"worker_id":"cff88f3c-9a15-4192-9f30-32ca137af05e-22546940878912","trial_id":9,"param_name":"k","param_value_internal":1,"distribution":"{\"name\": \"CategoricalDistribution\", \"attributes\": {\"choices\": [3, 6, 9]}}"}
{"op_code":5,"worker_id":"cff88f3c-9a15-4192-9f30-32ca137af05e-22546940878912","trial_id":9,"param_name":"batch_size","param_value_internal":1,"distribution":"{\"name\": \"CategoricalDistribution\", \"attributes\": {\"choices\": [16, 32, 64]}}"}
{"op_code":5,"worker_id":"cff88f3c-9a15-4192-9f30-32ca137af05e-22546940878912","trial_id":9,"param_name":"latent_channels","param_value_internal":0,"distribution":"{\"name\": \"CategoricalDistribution\", \"attributes\": {\"choices\": [4, 8, 16]}}"}
{"op_code":8,"worker_id":"baa4ab1e-fc86-4b4f-ad23-78e358fa2d32-23449685020736","trial_id":8,"user_attr":{"metrics_csv":"/glade/work/skygale/_projects/SeaIceDownscaling/Version4/hpo_echo/trial_8/metrics.csv"}}
{"op_code":6,"worker_id":"baa4ab1e-fc86-4b4f-ad23-78e358fa2d32-23449685020736","trial_id":8,"state":1,"values":[0.1593],"datetime_complete":"2026-07-21T11:50:52.968241"}
{"op_code":4,"worker_id":"baa4ab1e-fc86-4b4f-ad23-78e358fa2d32-23449685020736","study_id":0,"datetime_start":"2026-07-21T11:50:52.976154"}
{"op_code":5,"worker_id":"baa4ab1e-fc86-4b4f-ad23-78e358fa2d32-23449685020736","trial_id":10,"param_name":"lr","param_value_internal":1.655763278161159e-05,"distribution":"{\"name\": \"FloatDistribution\", \"attributes\": {\"step\": null, \"low\": 1e-05, \"high\": 0.001, \"log\": true}}"}
{"op_code":5,"worker_id":"baa4ab1e-fc86-4b4f-ad23-78e358fa2d32-23449685020736","trial_id":10,"param_name":"k","param_value_internal":1,"distribution":"{\"name\": \"CategoricalDistribution\", \"attributes\": {\"choices\": [3, 6, 9]}}"}
{"op_code":5,"worker_id":"baa4ab1e-fc86-4b4f-ad23-78e358fa2d32-23449685020736","trial_id":10,"param_name":"batch_size","param_value_internal":1,"distribution":"{\"name\": \"CategoricalDistribution\", \"attributes\": {\"choices\": [16, 32, 64]}}"}
{"op_code":5,"worker_id":"baa4ab1e-fc86-4b4f-ad23-78e358fa2d32-23449685020736","trial_id":10,"param_name":"latent_channels","param_value_internal":1,"distribution":"{\"name\": \"CategoricalDistribution\", \"attributes\": {\"choices\": [4, 8, 16]}}"}
{"op_code":8,"worker_id":"d13640f2-0d8b-4828-a480-0b73e6af18ea-22814410178624","trial_id":6,"user_attr":{"metrics_csv":"/glade/work/skygale/_projects/SeaIceDownscaling/Version4/hpo_echo/trial_6/metrics.csv"}}
{"op_code":6,"worker_id":"d13640f2-0d8b-4828-a480-0b73e6af18ea-22814410178624","trial_id":6,"state":1,"values":[0.1574],"datetime_complete":"2026-07-21T11:50:59.195719"}
{"op_code":4,"worker_id":"d13640f2-0d8b-4828-a480-0b73e6af18ea-22814410178624","study_id":0,"datetime_start":"2026-07-21T11:50:59.206481"}
{"op_code":5,"worker_id":"d13640f2-0d8b-4828-a480-0b73e6af18ea-22814410178624","trial_id":11,"param_name":"lr","param_value_internal":0.0001014321468618107,"distribution":"{\"name\": \"FloatDistribution\", \"attributes\": {\"step\": null, \"low\": 1e-05, \"high\": 0.001, \"log\": true}}"}
{"op_code":5,"worker_id":"d13640f2-0d8b-4828-a480-0b73e6af18ea-22814410178624","trial_id":11,"param_name":"k","param_value_internal":1,"distribution":"{\"name\": \"CategoricalDistribution\", \"attributes\": {\"choices\": [3, 6, 9]}}"}
{"op_code":5,"worker_id":"d13640f2-0d8b-4828-a480-0b73e6af18ea-22814410178624","trial_id":11,"param_name":"batch_size","param_value_internal":2,"distribution":"{\"name\": \"CategoricalDistribution\", \"attributes\": {\"choices\": [16, 32, 64]}}"}
{"op_code":5,"worker_id":"d13640f2-0d8b-4828-a480-0b73e6af18ea-22814410178624","trial_id":11,"param_name":"latent_channels","param_value_internal":2,"distribution":"{\"name\": \"CategoricalDistribution\", \"attributes\": {\"choices\": [4, 8, 16]}}"}
{"op_code":8,"worker_id":"cff88f3c-9a15-4192-9f30-32ca137af05e-22546940878912","trial_id":9,"user_attr":{"metrics_csv":"/glade/work/skygale/_projects/SeaIceDownscaling/Version4/hpo_echo/trial_9/metrics.csv"}}
{"op_code":6,"worker_id":"cff88f3c-9a15-4192-9f30-32ca137af05e-22546940878912","trial_id":9,"state":1,"values":[0.1615],"datetime_complete":"2026-07-21T11:50:59.973133"}
{"op_code":4,"worker_id":"cff88f3c-9a15-4192-9f30-32ca137af05e-22546940878912","study_id":0,"datetime_start":"2026-07-21T11:50:59.982188"}
{"op_code":5,"worker_id":"cff88f3c-9a15-4192-9f30-32ca137af05e-22546940878912","trial_id":12,"param_name":"lr","param_value_internal":1.0132386214893287e-05,"distribution":"{\"name\": \"FloatDistribution\", \"attributes\": {\"step\": null, \"low\": 1e-05, \"high\": 0.001, \"log\": true}}"}
{"op_code":5,"worker_id":"cff88f3c-9a15-4192-9f30-32ca137af05e-22546940878912","trial_id":12,"param_name":"k","param_value_internal":0,"distribution":"{\"name\": \"CategoricalDistribution\", \"attributes\": {\"choices\": [3, 6, 9]}}"}
{"op_code":5,"worker_id":"cff88f3c-9a15-4192-9f30-32ca137af05e-22546940878912","trial_id":12,"param_name":"batch_size","param_value_internal":0,"distribution":"{\"name\": \"CategoricalDistribution\", \"attributes\": {\"choices\": [16, 32, 64]}}"}
{"op_code":5,"worker_id":"cff88f3c-9a15-4192-9f30-32ca137af05e-22546940878912","trial_id":12,"param_name":"latent_channels","param_value_internal":2,"distribution":"{\"name\": \"CategoricalDistribution\", \"attributes\": {\"choices\": [4, 8, 16]}}"}
{"op_code":8,"worker_id":"baa4ab1e-fc86-4b4f-ad23-78e358fa2d32-23449685020736","trial_id":10,"user_attr":{"metrics_csv":"/glade/work/skygale/_projects/SeaIceDownscaling/Version4/hpo_echo/trial_10/metrics.csv"}}
{"op_code":6,"worker_id":"baa4ab1e-fc86-4b4f-ad23-78e358fa2d32-23449685020736","trial_id":10,"state":1,"values":[0.2686],"datetime_complete":"2026-07-21T11:51:00.093267"}
{"op_code":4,"worker_id":"baa4ab1e-fc86-4b4f-ad23-78e358fa2d32-23449685020736","study_id":0,"datetime_start":"2026-07-21T11:51:00.101365"}
{"op_code":5,"worker_id":"baa4ab1e-fc86-4b4f-ad23-78e358fa2d32-23449685020736","trial_id":13,"param_name":"lr","param_value_internal":0.0009764772675843032,"distribution":"{\"name\": \"FloatDistribution\", \"attributes\": {\"step\": null, \"low\": 1e-05, \"high\": 0.001, \"log\": true}}"}
{"op_code":5,"worker_id":"baa4ab1e-fc86-4b4f-ad23-78e358fa2d32-23449685020736","trial_id":13,"param_name":"k","param_value_internal":0,"distribution":"{\"name\": \"CategoricalDistribution\", \"attributes\": {\"choices\": [3, 6, 9]}}"}
{"op_code":5,"worker_id":"baa4ab1e-fc86-4b4f-ad23-78e358fa2d32-23449685020736","trial_id":13,"param_name":"batch_size","param_value_internal":0,"distribution":"{\"name\": \"CategoricalDistribution\", \"attributes\": {\"choices\": [16, 32, 64]}}"}
{"op_code":5,"worker_id":"baa4ab1e-fc86-4b4f-ad23-78e358fa2d32-23449685020736","trial_id":13,"param_name":"latent_channels","param_value_internal":2,"distribution":"{\"name\": \"CategoricalDistribution\", \"attributes\": {\"choices\": [4, 8, 16]}}"}
{"op_code":8,"worker_id":"cff88f3c-9a15-4192-9f30-32ca137af05e-22546940878912","trial_id":12,"user_attr":{"metrics_csv":"/glade/work/skygale/_projects/SeaIceDownscaling/Version4/hpo_echo/trial_12/metrics.csv"}}
{"op_code":8,"worker_id":"baa4ab1e-fc86-4b4f-ad23-78e358fa2d32-23449685020736","trial_id":13,"user_attr":{"metrics_csv":"/glade/work/skygale/_projects/SeaIceDownscaling/Version4/hpo_echo/trial_13/metrics.csv"}}
{"op_code":6,"worker_id":"cff88f3c-9a15-4192-9f30-32ca137af05e-22546940878912","trial_id":12,"state":1,"values":[0.2661],"datetime_complete":"2026-07-21T11:51:05.795037"}
{"op_code":6,"worker_id":"baa4ab1e-fc86-4b4f-ad23-78e358fa2d32-23449685020736","trial_id":13,"state":1,"values":[0.155],"datetime_complete":"2026-07-21T11:51:05.800301"}
{"op_code":4,"worker_id":"cff88f3c-9a15-4192-9f30-32ca137af05e-22546940878912","study_id":0,"datetime_start":"2026-07-21T11:51:05.802008"}
{"op_code":4,"worker_id":"baa4ab1e-fc86-4b4f-ad23-78e358fa2d32-23449685020736","study_id":0,"datetime_start":"2026-07-21T11:51:05.807147"}
{"op_code":5,"worker_id":"cff88f3c-9a15-4192-9f30-32ca137af05e-22546940878912","trial_id":14,"param_name":"lr","param_value_internal":0.000893245361825264,"distribution":"{\"name\": \"FloatDistribution\", \"attributes\": {\"step\": null, \"low\": 1e-05, \"high\": 0.001, \"log\": true}}"}
{"op_code":5,"worker_id":"cff88f3c-9a15-4192-9f30-32ca137af05e-22546940878912","trial_id":14,"param_name":"k","param_value_internal":0,"distribution":"{\"name\": \"CategoricalDistribution\", \"attributes\": {\"choices\": [3, 6, 9]}}"}
{"op_code":5,"worker_id":"cff88f3c-9a15-4192-9f30-32ca137af05e-22546940878912","trial_id":14,"param_name":"batch_size","param_value_internal":0,"distribution":"{\"name\": \"CategoricalDistribution\", \"attributes\": {\"choices\": [16, 32, 64]}}"}
{"op_code":5,"worker_id":"cff88f3c-9a15-4192-9f30-32ca137af05e-22546940878912","trial_id":14,"param_name":"latent_channels","param_value_internal":2,"distribution":"{\"name\": \"CategoricalDistribution\", \"attributes\": {\"choices\": [4, 8, 16]}}"}
{"op_code":5,"worker_id":"baa4ab1e-fc86-4b4f-ad23-78e358fa2d32-23449685020736","trial_id":15,"param_name":"lr","param_value_internal":0.000972908634797274,"distribution":"{\"name\": \"FloatDistribution\", \"attributes\": {\"step\": null, \"low\": 1e-05, \"high\": 0.001, \"log\": true}}"}
{"op_code":5,"worker_id":"baa4ab1e-fc86-4b4f-ad23-78e358fa2d32-23449685020736","trial_id":15,"param_name":"k","param_value_internal":0,"distribution":"{\"name\": \"CategoricalDistribution\", \"attributes\": {\"choices\": [3, 6, 9]}}"}
{"op_code":5,"worker_id":"baa4ab1e-fc86-4b4f-ad23-78e358fa2d32-23449685020736","trial_id":15,"param_name":"batch_size","param_value_internal":0,"distribution":"{\"name\": \"CategoricalDistribution\", \"attributes\": {\"choices\": [16, 32, 64]}}"}
{"op_code":5,"worker_id":"baa4ab1e-fc86-4b4f-ad23-78e358fa2d32-23449685020736","trial_id":15,"param_name":"latent_channels","param_value_internal":2,"distribution":"{\"name\": \"CategoricalDistribution\", \"attributes\": {\"choices\": [4, 8, 16]}}"}
{"op_code":8,"worker_id":"cff88f3c-9a15-4192-9f30-32ca137af05e-22546940878912","trial_id":14,"user_attr":{"metrics_csv":"/glade/work/skygale/_projects/SeaIceDownscaling/Version4/hpo_echo/trial_14/metrics.csv"}}
{"op_code":6,"worker_id":"cff88f3c-9a15-4192-9f30-32ca137af05e-22546940878912","trial_id":14,"state":1,"values":[0.1521],"datetime_complete":"2026-07-21T11:51:11.500137"}
{"op_code":8,"worker_id":"baa4ab1e-fc86-4b4f-ad23-78e358fa2d32-23449685020736","trial_id":15,"user_attr":{"metrics_csv":"/glade/work/skygale/_projects/SeaIceDownscaling/Version4/hpo_echo/trial_15/metrics.csv"}}
{"op_code":4,"worker_id":"cff88f3c-9a15-4192-9f30-32ca137af05e-22546940878912","study_id":0,"datetime_start":"2026-07-21T11:51:11.507523"}
{"op_code":5,"worker_id":"cff88f3c-9a15-4192-9f30-32ca137af05e-22546940878912","trial_id":16,"param_name":"lr","param_value_internal":7.569008712665743e-05,"distribution":"{\"name\": \"FloatDistribution\", \"attributes\": {\"step\": null, \"low\": 1e-05, \"high\": 0.001, \"log\": true}}"}
{"op_code":5,"worker_id":"cff88f3c-9a15-4192-9f30-32ca137af05e-22546940878912","trial_id":16,"param_name":"k","param_value_internal":0,"distribution":"{\"name\": \"CategoricalDistribution\", \"attributes\": {\"choices\": [3, 6, 9]}}"}
{"op_code":5,"worker_id":"cff88f3c-9a15-4192-9f30-32ca137af05e-22546940878912","trial_id":16,"param_name":"batch_size","param_value_internal":0,"distribution":"{\"name\": \"CategoricalDistribution\", \"attributes\": {\"choices\": [16, 32, 64]}}"}
{"op_code":5,"worker_id":"cff88f3c-9a15-4192-9f30-32ca137af05e-22546940878912","trial_id":16,"param_name":"latent_channels","param_value_internal":2,"distribution":"{\"name\": \"CategoricalDistribution\", \"attributes\": {\"choices\": [4, 8, 16]}}"}
{"op_code":6,"worker_id":"baa4ab1e-fc86-4b4f-ad23-78e358fa2d32-23449685020736","trial_id":15,"state":1,"values":[0.1519],"datetime_complete":"2026-07-21T11:51:11.514630"}
{"op_code":4,"worker_id":"baa4ab1e-fc86-4b4f-ad23-78e358fa2d32-23449685020736","study_id":0,"datetime_start":"2026-07-21T11:51:11.541652"}
{"op_code":5,"worker_id":"baa4ab1e-fc86-4b4f-ad23-78e358fa2d32-23449685020736","trial_id":17,"param_name":"lr","param_value_internal":0.0003138731724294763,"distribution":"{\"name\": \"FloatDistribution\", \"attributes\": {\"step\": null, \"low\": 1e-05, \"high\": 0.001, \"log\": true}}"}
{"op_code":5,"worker_id":"baa4ab1e-fc86-4b4f-ad23-78e358fa2d32-23449685020736","trial_id":17,"param_name":"k","param_value_internal":0,"distribution":"{\"name\": \"CategoricalDistribution\", \"attributes\": {\"choices\": [3, 6, 9]}}"}
{"op_code":5,"worker_id":"baa4ab1e-fc86-4b4f-ad23-78e358fa2d32-23449685020736","trial_id":17,"param_name":"batch_size","param_value_internal":0,"distribution":"{\"name\": \"CategoricalDistribution\", \"attributes\": {\"choices\": [16, 32, 64]}}"}
{"op_code":5,"worker_id":"baa4ab1e-fc86-4b4f-ad23-78e358fa2d32-23449685020736","trial_id":17,"param_name":"latent_channels","param_value_internal":2,"distribution":"{\"name\": \"CategoricalDistribution\", \"attributes\": {\"choices\": [4, 8, 16]}}"}
{"op_code":8,"worker_id":"d13640f2-0d8b-4828-a480-0b73e6af18ea-22814410178624","trial_id":11,"user_attr":{"metrics_csv":"/glade/work/skygale/_projects/SeaIceDownscaling/Version4/hpo_echo/trial_11/metrics.csv"}}
{"op_code":6,"worker_id":"d13640f2-0d8b-4828-a480-0b73e6af18ea-22814410178624","trial_id":11,"state":1,"values":[0.2158],"datetime_complete":"2026-07-21T11:51:15.159474"}
{"op_code":4,"worker_id":"d13640f2-0d8b-4828-a480-0b73e6af18ea-22814410178624","study_id":0,"datetime_start":"2026-07-21T11:51:15.170035"}
{"op_code":5,"worker_id":"d13640f2-0d8b-4828-a480-0b73e6af18ea-22814410178624","trial_id":18,"param_name":"lr","param_value_internal":0.0003500254309571182,"distribution":"{\"name\": \"FloatDistribution\", \"attributes\": {\"step\": null, \"low\": 1e-05, \"high\": 0.001, \"log\": true}}"}
{"op_code":5,"worker_id":"d13640f2-0d8b-4828-a480-0b73e6af18ea-22814410178624","trial_id":18,"param_name":"k","param_value_internal":0,"distribution":"{\"name\": \"CategoricalDistribution\", \"attributes\": {\"choices\": [3, 6, 9]}}"}
{"op_code":5,"worker_id":"d13640f2-0d8b-4828-a480-0b73e6af18ea-22814410178624","trial_id":18,"param_name":"batch_size","param_value_internal":0,"distribution":"{\"name\": \"CategoricalDistribution\", \"attributes\": {\"choices\": [16, 32, 64]}}"}
{"op_code":5,"worker_id":"d13640f2-0d8b-4828-a480-0b73e6af18ea-22814410178624","trial_id":18,"param_name":"latent_channels","param_value_internal":2,"distribution":"{\"name\": \"CategoricalDistribution\", \"attributes\": {\"choices\": [4, 8, 16]}}"}
{"op_code":8,"worker_id":"cff88f3c-9a15-4192-9f30-32ca137af05e-22546940878912","trial_id":16,"user_attr":{"metrics_csv":"/glade/work/skygale/_projects/SeaIceDownscaling/Version4/hpo_echo/trial_16/metrics.csv"}}
{"op_code":8,"worker_id":"baa4ab1e-fc86-4b4f-ad23-78e358fa2d32-23449685020736","trial_id":17,"user_attr":{"metrics_csv":"/glade/work/skygale/_projects/SeaIceDownscaling/Version4/hpo_echo/trial_17/metrics.csv"}}
{"op_code":6,"worker_id":"baa4ab1e-fc86-4b4f-ad23-78e358fa2d32-23449685020736","trial_id":17,"state":1,"values":[0.1644],"datetime_complete":"2026-07-21T11:51:17.469505"}
{"op_code":6,"worker_id":"cff88f3c-9a15-4192-9f30-32ca137af05e-22546940878912","trial_id":16,"state":1,"values":[0.1863],"datetime_complete":"2026-07-21T11:51:17.469554"}
{"op_code":4,"worker_id":"baa4ab1e-fc86-4b4f-ad23-78e358fa2d32-23449685020736","study_id":0,"datetime_start":"2026-07-21T11:51:17.480301"}
{"op_code":5,"worker_id":"baa4ab1e-fc86-4b4f-ad23-78e358fa2d32-23449685020736","trial_id":19,"param_name":"lr","param_value_internal":0.0009789953063944067,"distribution":"{\"name\": \"FloatDistribution\", \"attributes\": {\"step\": null, \"low\": 1e-05, \"high\": 0.001, \"log\": true}}"}
{"op_code":4,"worker_id":"cff88f3c-9a15-4192-9f30-32ca137af05e-22546940878912","study_id":0,"datetime_start":"2026-07-21T11:51:17.487597"}
{"op_code":5,"worker_id":"baa4ab1e-fc86-4b4f-ad23-78e358fa2d32-23449685020736","trial_id":19,"param_name":"k","param_value_internal":0,"distribution":"{\"name\": \"CategoricalDistribution\", \"attributes\": {\"choices\": [3, 6, 9]}}"}
{"op_code":5,"worker_id":"baa4ab1e-fc86-4b4f-ad23-78e358fa2d32-23449685020736","trial_id":19,"param_name":"batch_size","param_value_internal":0,"distribution":"{\"name\": \"CategoricalDistribution\", \"attributes\": {\"choices\": [16, 32, 64]}}"}
{"op_code":5,"worker_id":"baa4ab1e-fc86-4b4f-ad23-78e358fa2d32-23449685020736","trial_id":19,"param_name":"latent_channels","param_value_internal":2,"distribution":"{\"name\": \"CategoricalDistribution\", \"attributes\": {\"choices\": [4, 8, 16]}}"}
{"op_code":5,"worker_id":"cff88f3c-9a15-4192-9f30-32ca137af05e-22546940878912","trial_id":20,"param_name":"lr","param_value_internal":0.0009943884609432995,"distribution":"{\"name\": \"FloatDistribution\", \"attributes\": {\"step\": null, \"low\": 1e-05, \"high\": 0.001, \"log\": true}}"}
{"op_code":5,"worker_id":"cff88f3c-9a15-4192-9f30-32ca137af05e-22546940878912","trial_id":20,"param_name":"k","param_value_internal":0,"distribution":"{\"name\": \"CategoricalDistribution\", \"attributes\": {\"choices\": [3, 6, 9]}}"}
{"op_code":5,"worker_id":"cff88f3c-9a15-4192-9f30-32ca137af05e-22546940878912","trial_id":20,"param_name":"batch_size","param_value_internal":0,"distribution":"{\"name\": \"CategoricalDistribution\", \"attributes\": {\"choices\": [16, 32, 64]}}"}
{"op_code":5,"worker_id":"cff88f3c-9a15-4192-9f30-32ca137af05e-22546940878912","trial_id":20,"param_name":"latent_channels","param_value_internal":2,"distribution":"{\"name\": \"CategoricalDistribution\", \"attributes\": {\"choices\": [4, 8, 16]}}"}
{"op_code":8,"worker_id":"baa4ab1e-fc86-4b4f-ad23-78e358fa2d32-23449685020736","trial_id":19,"user_attr":{"metrics_csv":"/glade/work/skygale/_projects/SeaIceDownscaling/Version4/hpo_echo/trial_19/metrics.csv"}}
{"op_code":6,"worker_id":"baa4ab1e-fc86-4b4f-ad23-78e358fa2d32-23449685020736","trial_id":19,"state":1,"values":[0.1534],"datetime_complete":"2026-07-21T11:51:23.200188"}
{"op_code":4,"worker_id":"baa4ab1e-fc86-4b4f-ad23-78e358fa2d32-23449685020736","study_id":0,"datetime_start":"2026-07-21T11:51:23.207915"}
{"op_code":5,"worker_id":"baa4ab1e-fc86-4b4f-ad23-78e358fa2d32-23449685020736","trial_id":21,"param_name":"lr","param_value_internal":0.00040915177645858554,"distribution":"{\"name\": \"FloatDistribution\", \"attributes\": {\"step\": null, \"low\": 1e-05, \"high\": 0.001, \"log\": true}}"}
{"op_code":5,"worker_id":"baa4ab1e-fc86-4b4f-ad23-78e358fa2d32-23449685020736","trial_id":21,"param_name":"k","param_value_internal":0,"distribution":"{\"name\": \"CategoricalDistribution\", \"attributes\": {\"choices\": [3, 6, 9]}}"}
{"op_code":5,"worker_id":"baa4ab1e-fc86-4b4f-ad23-78e358fa2d32-23449685020736","trial_id":21,"param_name":"batch_size","param_value_internal":0,"distribution":"{\"name\": \"CategoricalDistribution\", \"attributes\": {\"choices\": [16, 32, 64]}}"}
{"op_code":5,"worker_id":"baa4ab1e-fc86-4b4f-ad23-78e358fa2d32-23449685020736","trial_id":21,"param_name":"latent_channels","param_value_internal":2,"distribution":"{\"name\": \"CategoricalDistribution\", \"attributes\": {\"choices\": [4, 8, 16]}}"}
{"op_code":8,"worker_id":"cff88f3c-9a15-4192-9f30-32ca137af05e-22546940878912","trial_id":20,"user_attr":{"metrics_csv":"/glade/work/skygale/_projects/SeaIceDownscaling/Version4/hpo_echo/trial_20/metrics.csv"}}
{"op_code":6,"worker_id":"cff88f3c-9a15-4192-9f30-32ca137af05e-22546940878912","trial_id":20,"state":1,"values":[0.1509],"datetime_complete":"2026-07-21T11:51:23.289321"}
{"op_code":4,"worker_id":"cff88f3c-9a15-4192-9f30-32ca137af05e-22546940878912","study_id":0,"datetime_start":"2026-07-21T11:51:23.297031"}
{"op_code":5,"worker_id":"cff88f3c-9a15-4192-9f30-32ca137af05e-22546940878912","trial_id":22,"param_name":"lr","param_value_internal":0.0003743535294848638,"distribution":"{\"name\": \"FloatDistribution\", \"attributes\": {\"step\": null, \"low\": 1e-05, \"high\": 0.001, \"log\": true}}"}
{"op_code":5,"worker_id":"cff88f3c-9a15-4192-9f30-32ca137af05e-22546940878912","trial_id":22,"param_name":"k","param_value_internal":0,"distribution":"{\"name\": \"CategoricalDistribution\", \"attributes\": {\"choices\": [3, 6, 9]}}"}
{"op_code":5,"worker_id":"cff88f3c-9a15-4192-9f30-32ca137af05e-22546940878912","trial_id":22,"param_name":"batch_size","param_value_internal":0,"distribution":"{\"name\": \"CategoricalDistribution\", \"attributes\": {\"choices\": [16, 32, 64]}}"}
{"op_code":5,"worker_id":"cff88f3c-9a15-4192-9f30-32ca137af05e-22546940878912","trial_id":22,"param_name":"latent_channels","param_value_internal":0,"distribution":"{\"name\": \"CategoricalDistribution\", \"attributes\": {\"choices\": [4, 8, 16]}}"}
{"op_code":8,"worker_id":"d13640f2-0d8b-4828-a480-0b73e6af18ea-22814410178624","trial_id":18,"user_attr":{"metrics_csv":"/glade/work/skygale/_projects/SeaIceDownscaling/Version4/hpo_echo/trial_18/metrics.csv"}}
{"op_code":6,"worker_id":"d13640f2-0d8b-4828-a480-0b73e6af18ea-22814410178624","trial_id":18,"state":1,"values":[0.1636],"datetime_complete":"2026-07-21T11:51:27.189316"}
{"op_code":4,"worker_id":"d13640f2-0d8b-4828-a480-0b73e6af18ea-22814410178624","study_id":0,"datetime_start":"2026-07-21T11:51:27.202215"}
{"op_code":5,"worker_id":"d13640f2-0d8b-4828-a480-0b73e6af18ea-22814410178624","trial_id":23,"param_name":"lr","param_value_internal":0.0004535326430320761,"distribution":"{\"name\": \"FloatDistribution\", \"attributes\": {\"step\": null, \"low\": 1e-05, \"high\": 0.001, \"log\": true}}"}
{"op_code":5,"worker_id":"d13640f2-0d8b-4828-a480-0b73e6af18ea-22814410178624","trial_id":23,"param_name":"k","param_value_internal":0,"distribution":"{\"name\": \"CategoricalDistribution\", \"attributes\": {\"choices\": [3, 6, 9]}}"}
{"op_code":5,"worker_id":"d13640f2-0d8b-4828-a480-0b73e6af18ea-22814410178624","trial_id":23,"param_name":"batch_size","param_value_internal":0,"distribution":"{\"name\": \"CategoricalDistribution\", \"attributes\": {\"choices\": [16, 32, 64]}}"}
{"op_code":5,"worker_id":"d13640f2-0d8b-4828-a480-0b73e6af18ea-22814410178624","trial_id":23,"param_name":"latent_channels","param_value_internal":2,"distribution":"{\"name\": \"CategoricalDistribution\", \"attributes\": {\"choices\": [4, 8, 16]}}"}
{"op_code":8,"worker_id":"baa4ab1e-fc86-4b4f-ad23-78e358fa2d32-23449685020736","trial_id":21,"user_attr":{"metrics_csv":"/glade/work/skygale/_projects/SeaIceDownscaling/Version4/hpo_echo/trial_21/metrics.csv"}}
{"op_code":6,"worker_id":"baa4ab1e-fc86-4b4f-ad23-78e358fa2d32-23449685020736","trial_id":21,"state":1,"values":[0.1655],"datetime_complete":"2026-07-21T11:51:28.967954"}
{"op_code":4,"worker_id":"baa4ab1e-fc86-4b4f-ad23-78e358fa2d32-23449685020736","study_id":0,"datetime_start":"2026-07-21T11:51:28.977283"}
{"op_code":5,"worker_id":"baa4ab1e-fc86-4b4f-ad23-78e358fa2d32-23449685020736","trial_id":24,"param_name":"lr","param_value_internal":0.0009766439911836232,"distribution":"{\"name\": \"FloatDistribution\", \"attributes\": {\"step\": null, \"low\": 1e-05, \"high\": 0.001, \"log\": true}}"}
{"op_code":5,"worker_id":"baa4ab1e-fc86-4b4f-ad23-78e358fa2d32-23449685020736","trial_id":24,"param_name":"k","param_value_internal":0,"distribution":"{\"name\": \"CategoricalDistribution\", \"attributes\": {\"choices\": [3, 6, 9]}}"}
{"op_code":5,"worker_id":"baa4ab1e-fc86-4b4f-ad23-78e358fa2d32-23449685020736","trial_id":24,"param_name":"batch_size","param_value_internal":0,"distribution":"{\"name\": \"CategoricalDistribution\", \"attributes\": {\"choices\": [16, 32, 64]}}"}
{"op_code":5,"worker_id":"baa4ab1e-fc86-4b4f-ad23-78e358fa2d32-23449685020736","trial_id":24,"param_name":"latent_channels","param_value_internal":2,"distribution":"{\"name\": \"CategoricalDistribution\", \"attributes\": {\"choices\": [4, 8, 16]}}"}
{"op_code":8,"worker_id":"cff88f3c-9a15-4192-9f30-32ca137af05e-22546940878912","trial_id":22,"user_attr":{"metrics_csv":"/glade/work/skygale/_projects/SeaIceDownscaling/Version4/hpo_echo/trial_22/metrics.csv"}}
{"op_code":6,"worker_id":"cff88f3c-9a15-4192-9f30-32ca137af05e-22546940878912","trial_id":22,"state":1,"values":[0.1606],"datetime_complete":"2026-07-21T11:51:29.158196"}
{"op_code":4,"worker_id":"cff88f3c-9a15-4192-9f30-32ca137af05e-22546940878912","study_id":0,"datetime_start":"2026-07-21T11:51:29.167057"}
{"op_code":5,"worker_id":"cff88f3c-9a15-4192-9f30-32ca137af05e-22546940878912","trial_id":25,"param_name":"lr","param_value_internal":0.0009953367520025103,"distribution":"{\"name\": \"FloatDistribution\", \"attributes\": {\"step\": null, \"low\": 1e-05, \"high\": 0.001, \"log\": true}}"}
{"op_code":5,"worker_id":"cff88f3c-9a15-4192-9f30-32ca137af05e-22546940878912","trial_id":25,"param_name":"k","param_value_internal":0,"distribution":"{\"name\": \"CategoricalDistribution\", \"attributes\": {\"choices\": [3, 6, 9]}}"}
{"op_code":5,"worker_id":"cff88f3c-9a15-4192-9f30-32ca137af05e-22546940878912","trial_id":25,"param_name":"batch_size","param_value_internal":0,"distribution":"{\"name\": \"CategoricalDistribution\", \"attributes\": {\"choices\": [16, 32, 64]}}"}
{"op_code":5,"worker_id":"cff88f3c-9a15-4192-9f30-32ca137af05e-22546940878912","trial_id":25,"param_name":"latent_channels","param_value_internal":2,"distribution":"{\"name\": \"CategoricalDistribution\", \"attributes\": {\"choices\": [4, 8, 16]}}"}
{"op_code":8,"worker_id":"baa4ab1e-fc86-4b4f-ad23-78e358fa2d32-23449685020736","trial_id":24,"user_attr":{"metrics_csv":"/glade/work/skygale/_projects/SeaIceDownscaling/Version4/hpo_echo/trial_24/metrics.csv"}}
{"op_code":6,"worker_id":"baa4ab1e-fc86-4b4f-ad23-78e358fa2d32-23449685020736","trial_id":24,"state":1,"values":[0.1589],"datetime_complete":"2026-07-21T11:51:34.681441"}
{"op_code":4,"worker_id":"baa4ab1e-fc86-4b4f-ad23-78e358fa2d32-23449685020736","study_id":0,"datetime_start":"2026-07-21T11:51:34.712116"}
{"op_code":5,"worker_id":"baa4ab1e-fc86-4b4f-ad23-78e358fa2d32-23449685020736","trial_id":26,"param_name":"lr","param_value_internal":0.0006778485632553082,"distribution":"{\"name\": \"FloatDistribution\", \"attributes\": {\"step\": null, \"low\": 1e-05, \"high\": 0.001, \"log\": true}}"}
{"op_code":5,"worker_id":"baa4ab1e-fc86-4b4f-ad23-78e358fa2d32-23449685020736","trial_id":26,"param_name":"k","param_value_internal":0,"distribution":"{\"name\": \"CategoricalDistribution\", \"attributes\": {\"choices\": [3, 6, 9]}}"}
{"op_code":5,"worker_id":"baa4ab1e-fc86-4b4f-ad23-78e358fa2d32-23449685020736","trial_id":26,"param_name":"batch_size","param_value_internal":0,"distribution":"{\"name\": \"CategoricalDistribution\", \"attributes\": {\"choices\": [16, 32, 64]}}"}
{"op_code":5,"worker_id":"baa4ab1e-fc86-4b4f-ad23-78e358fa2d32-23449685020736","trial_id":26,"param_name":"latent_channels","param_value_internal":2,"distribution":"{\"name\": \"CategoricalDistribution\", \"attributes\": {\"choices\": [4, 8, 16]}}"}
{"op_code":8,"worker_id":"cff88f3c-9a15-4192-9f30-32ca137af05e-22546940878912","trial_id":25,"user_attr":{"metrics_csv":"/glade/work/skygale/_projects/SeaIceDownscaling/Version4/hpo_echo/trial_25/metrics.csv"}}
{"op_code":6,"worker_id":"cff88f3c-9a15-4192-9f30-32ca137af05e-22546940878912","trial_id":25,"state":1,"values":[0.1526],"datetime_complete":"2026-07-21T11:51:34.828941"}
{"op_code":4,"worker_id":"cff88f3c-9a15-4192-9f30-32ca137af05e-22546940878912","study_id":0,"datetime_start":"2026-07-21T11:51:34.839000"}
{"op_code":5,"worker_id":"cff88f3c-9a15-4192-9f30-32ca137af05e-22546940878912","trial_id":27,"param_name":"lr","param_value_internal":0.0006896473200329874,"distribution":"{\"name\": \"FloatDistribution\", \"attributes\": {\"step\": null, \"low\": 1e-05, \"high\": 0.001, \"log\": true}}"}
{"op_code":5,"worker_id":"cff88f3c-9a15-4192-9f30-32ca137af05e-22546940878912","trial_id":27,"param_name":"k","param_value_internal":0,"distribution":"{\"name\": \"CategoricalDistribution\", \"attributes\": {\"choices\": [3, 6, 9]}}"}
{"op_code":5,"worker_id":"cff88f3c-9a15-4192-9f30-32ca137af05e-22546940878912","trial_id":27,"param_name":"batch_size","param_value_internal":0,"distribution":"{\"name\": \"CategoricalDistribution\", \"attributes\": {\"choices\": [16, 32, 64]}}"}
{"op_code":5,"worker_id":"cff88f3c-9a15-4192-9f30-32ca137af05e-22546940878912","trial_id":27,"param_name":"latent_channels","param_value_internal":2,"distribution":"{\"name\": \"CategoricalDistribution\", \"attributes\": {\"choices\": [4, 8, 16]}}"}
{"op_code":8,"worker_id":"d13640f2-0d8b-4828-a480-0b73e6af18ea-22814410178624","trial_id":23,"user_attr":{"metrics_csv":"/glade/work/skygale/_projects/SeaIceDownscaling/Version4/hpo_echo/trial_23/metrics.csv"}}
{"op_code":6,"worker_id":"d13640f2-0d8b-4828-a480-0b73e6af18ea-22814410178624","trial_id":23,"state":1,"values":[0.1563],"datetime_complete":"2026-07-21T11:51:36.060087"}
{"op_code":4,"worker_id":"d13640f2-0d8b-4828-a480-0b73e6af18ea-22814410178624","study_id":0,"datetime_start":"2026-07-21T11:51:36.074655"}
{"op_code":5,"worker_id":"d13640f2-0d8b-4828-a480-0b73e6af18ea-22814410178624","trial_id":28,"param_name":"lr","param_value_internal":0.000741644137519916,"distribution":"{\"name\": \"FloatDistribution\", \"attributes\": {\"step\": null, \"low\": 1e-05, \"high\": 0.001, \"log\": true}}"}
{"op_code":5,"worker_id":"d13640f2-0d8b-4828-a480-0b73e6af18ea-22814410178624","trial_id":28,"param_name":"k","param_value_internal":2,"distribution":"{\"name\": \"CategoricalDistribution\", \"attributes\": {\"choices\": [3, 6, 9]}}"}
{"op_code":5,"worker_id":"d13640f2-0d8b-4828-a480-0b73e6af18ea-22814410178624","trial_id":28,"param_name":"batch_size","param_value_internal":0,"distribution":"{\"name\": \"CategoricalDistribution\", \"attributes\": {\"choices\": [16, 32, 64]}}"}
{"op_code":5,"worker_id":"d13640f2-0d8b-4828-a480-0b73e6af18ea-22814410178624","trial_id":28,"param_name":"latent_channels","param_value_internal":2,"distribution":"{\"name\": \"CategoricalDistribution\", \"attributes\": {\"choices\": [4, 8, 16]}}"}
{"op_code":8,"worker_id":"baa4ab1e-fc86-4b4f-ad23-78e358fa2d32-23449685020736","trial_id":26,"user_attr":{"metrics_csv":"/glade/work/skygale/_projects/SeaIceDownscaling/Version4/hpo_echo/trial_26/metrics.csv"}}
{"op_code":8,"worker_id":"cff88f3c-9a15-4192-9f30-32ca137af05e-22546940878912","trial_id":27,"user_attr":{"metrics_csv":"/glade/work/skygale/_projects/SeaIceDownscaling/Version4/hpo_echo/trial_27/metrics.csv"}}
{"op_code":6,"worker_id":"baa4ab1e-fc86-4b4f-ad23-78e358fa2d32-23449685020736","trial_id":26,"state":1,"values":[0.1501],"datetime_complete":"2026-07-21T11:51:40.484143"}
{"op_code":6,"worker_id":"cff88f3c-9a15-4192-9f30-32ca137af05e-22546940878912","trial_id":27,"state":1,"values":[0.1486],"datetime_complete":"2026-07-21T11:51:40.487874"}
{"op_code":4,"worker_id":"baa4ab1e-fc86-4b4f-ad23-78e358fa2d32-23449685020736","study_id":0,"datetime_start":"2026-07-21T11:51:40.492258"}
{"op_code":4,"worker_id":"cff88f3c-9a15-4192-9f30-32ca137af05e-22546940878912","study_id":0,"datetime_start":"2026-07-21T11:51:40.496183"}
{"op_code":5,"worker_id":"baa4ab1e-fc86-4b4f-ad23-78e358fa2d32-23449685020736","trial_id":29,"param_name":"lr","param_value_internal":0.0001900780456780224,"distribution":"{\"name\": \"FloatDistribution\", \"attributes\": {\"step\": null, \"low\": 1e-05, \"high\": 0.001, \"log\": true}}"}
{"op_code":5,"worker_id":"cff88f3c-9a15-4192-9f30-32ca137af05e-22546940878912","trial_id":30,"param_name":"lr","param_value_internal":0.0002033635024580178,"distribution":"{\"name\": \"FloatDistribution\", \"attributes\": {\"step\": null, \"low\": 1e-05, \"high\": 0.001, \"log\": true}}"}
{"op_code":5,"worker_id":"baa4ab1e-fc86-4b4f-ad23-78e358fa2d32-23449685020736","trial_id":29,"param_name":"k","param_value_internal":2,"distribution":"{\"name\": \"CategoricalDistribution\", \"attributes\": {\"choices\": [3, 6, 9]}}"}
{"op_code":5,"worker_id":"cff88f3c-9a15-4192-9f30-32ca137af05e-22546940878912","trial_id":30,"param_name":"k","param_value_internal":2,"distribution":"{\"name\": \"CategoricalDistribution\", \"attributes\": {\"choices\": [3, 6, 9]}}"}
{"op_code":5,"worker_id":"baa4ab1e-fc86-4b4f-ad23-78e358fa2d32-23449685020736","trial_id":29,"param_name":"batch_size","param_value_internal":0,"distribution":"{\"name\": \"CategoricalDistribution\", \"attributes\": {\"choices\": [16, 32, 64]}}"}
{"op_code":5,"worker_id":"baa4ab1e-fc86-4b4f-ad23-78e358fa2d32-23449685020736","trial_id":29,"param_name":"latent_channels","param_value_internal":0,"distribution":"{\"name\": \"CategoricalDistribution\", \"attributes\": {\"choices\": [4, 8, 16]}}"}
{"op_code":5,"worker_id":"cff88f3c-9a15-4192-9f30-32ca137af05e-22546940878912","trial_id":30,"param_name":"batch_size","param_value_internal":0,"distribution":"{\"name\": \"CategoricalDistribution\", \"attributes\": {\"choices\": [16, 32, 64]}}"}
{"op_code":5,"worker_id":"cff88f3c-9a15-4192-9f30-32ca137af05e-22546940878912","trial_id":30,"param_name":"latent_channels","param_value_internal":0,"distribution":"{\"name\": \"CategoricalDistribution\", \"attributes\": {\"choices\": [4, 8, 16]}}"}
{"op_code":8,"worker_id":"baa4ab1e-fc86-4b4f-ad23-78e358fa2d32-23449685020736","trial_id":29,"user_attr":{"metrics_csv":"/glade/work/skygale/_projects/SeaIceDownscaling/Version4/hpo_echo/trial_29/metrics.csv"}}
{"op_code":6,"worker_id":"baa4ab1e-fc86-4b4f-ad23-78e358fa2d32-23449685020736","trial_id":29,"state":1,"values":[0.1719],"datetime_complete":"2026-07-21T11:51:50.160726"}
{"op_code":4,"worker_id":"baa4ab1e-fc86-4b4f-ad23-78e358fa2d32-23449685020736","study_id":0,"datetime_start":"2026-07-21T11:51:50.172023"}
{"op_code":8,"worker_id":"cff88f3c-9a15-4192-9f30-32ca137af05e-22546940878912","trial_id":30,"user_attr":{"metrics_csv":"/glade/work/skygale/_projects/SeaIceDownscaling/Version4/hpo_echo/trial_30/metrics.csv"}}
{"op_code":5,"worker_id":"baa4ab1e-fc86-4b4f-ad23-78e358fa2d32-23449685020736","trial_id":31,"param_name":"lr","param_value_internal":0.00021064085805671778,"distribution":"{\"name\": \"FloatDistribution\", \"attributes\": {\"step\": null, \"low\": 1e-05, \"high\": 0.001, \"log\": true}}"}
{"op_code":5,"worker_id":"baa4ab1e-fc86-4b4f-ad23-78e358fa2d32-23449685020736","trial_id":31,"param_name":"k","param_value_internal":0,"distribution":"{\"name\": \"CategoricalDistribution\", \"attributes\": {\"choices\": [3, 6, 9]}}"}
{"op_code":6,"worker_id":"cff88f3c-9a15-4192-9f30-32ca137af05e-22546940878912","trial_id":30,"state":1,"values":[0.1679],"datetime_complete":"2026-07-21T11:51:50.186260"}
{"op_code":5,"worker_id":"baa4ab1e-fc86-4b4f-ad23-78e358fa2d32-23449685020736","trial_id":31,"param_name":"batch_size","param_value_internal":0,"distribution":"{\"name\": \"CategoricalDistribution\", \"attributes\": {\"choices\": [16, 32, 64]}}"}
{"op_code":5,"worker_id":"baa4ab1e-fc86-4b4f-ad23-78e358fa2d32-23449685020736","trial_id":31,"param_name":"latent_channels","param_value_internal":2,"distribution":"{\"name\": \"CategoricalDistribution\", \"attributes\": {\"choices\": [4, 8, 16]}}"}
{"op_code":8,"worker_id":"baa4ab1e-fc86-4b4f-ad23-78e358fa2d32-23449685020736","trial_id":31,"user_attr":{"metrics_csv":"/glade/work/skygale/_projects/SeaIceDownscaling/Version4/hpo_echo/trial_31/metrics.csv"}}
{"op_code":6,"worker_id":"baa4ab1e-fc86-4b4f-ad23-78e358fa2d32-23449685020736","trial_id":31,"state":1,"values":[0.1699],"datetime_complete":"2026-07-21T11:51:56.011376"}
{"op_code":8,"worker_id":"d13640f2-0d8b-4828-a480-0b73e6af18ea-22814410178624","trial_id":28,"user_attr":{"metrics_csv":"/glade/work/skygale/_projects/SeaIceDownscaling/Version4/hpo_echo/trial_28/metrics.csv"}}
{"op_code":6,"worker_id":"d13640f2-0d8b-4828-a480-0b73e6af18ea-22814410178624","trial_id":28,"state":1,"values":[0.1494],"datetime_complete":"2026-07-21T11:52:01.172482"}
{"op_code":0,"worker_id":"3d6e91d8-8f04-4d1e-9e8c-985765eefd16-22959173673024","study_name":"engressnet_hpo_coastal_v2","directions":[1]}
{"op_code":0,"worker_id":"3361496f-21c7-4555-9937-2ca4779c941a-22778008285248","study_name":"engressnet_hpo_coastal_v2","directions":[1]}
{"op_code":0,"worker_id":"b0e46281-d249-4dae-abe3-89d6fea3e0dc-23000923058240","study_name":"engressnet_hpo_coastal_v2","directions":[1]}
{"op_code":0,"worker_id":"176bb542-9fa6-41c5-b763-cc4af7c85ede-23388998078528","study_name":"engressnet_hpo_coastal_v2","directions":[1]}
{"op_code":0,"worker_id":"4c9fc8f8-5ba6-4abe-8d8a-c6e80029202b-23350648328256","study_name":"engressnet_hpo_coastal_v2","directions":[1]}
